> 
> # load package
> library(magrittr)
> 
> # fancy comment
> x <- 1
> x
[1] 1
> y # produces an error
Error in eval(expr, envir, enclos): object 'y' not found
> 
> # shoot, doesn't work
> bla <- "bla"
> 
> plot(1:100)
> 
> source("./test/test_source_source.R", echo = TRUE)

> z <- 2

> z + 3
[1] 5
> 
> 
> y <-
+   x %>%
+   sum(c(., 2))
> y
[1] 4
> 
> 
